{
  "version": "1.0.0",
  "plugins_used": [
    {"name": "AWSKeyDetector"},
    {"name": "ArtifactoryDetector"},
    {"name": "Base64HighEntropyString"},
    {"name": "BasicAuthDetector"},
    {"name": "CloudantDetector"},
    {"name": "DiscordBotTokenDetector"},
    {"name": "GitHubTokenDetector"},
    {"name": "HexHighEntropyString"},
    {"name": "IbmCloudIamDetector"},
    {"name": "IbmCosHmacDetector"},
    {"name": "JwtTokenDetector"},
    {"name": "KeywordDetector"},
    {"name": "MailchimpDetector"},
    {"name": "NpmDetector"},
    {"name": "PrivateKeyDetector"},
    {"name": "RSAKeyDetector"},
    {"name": "StripeDetector"},
    {"name": "SquareOAuthDetector"},
    {"name": "TwilioKeyDetector"}
  ],
  "filters_used": [
    {"path": "detect_secrets.filters.allowlist.is_line_allowlisted"},
    {"path": "detect_secrets.filters.common.is_baseline_file"},
    {"path": "detect_secrets.filters.common.is_ignored_due_to_verification_policies"},
    {"path": "detect_secrets.filters.heuristic.is_indirect_reference"},
    {"path": "detect_secrets.filters.heuristic.is_likely_id_string"},
    {"path": "detect_secrets.filters.common.is_sequential_string"},
    {"path": "detect_secrets.filters.heuristic.is_same_secret"}
  ],
  "results": {}
}
{
  "cells": [],
  "metadata": {
    "language_info": {
      "name": "python"
    }
  },
  "nbformat": 4,
  "nbformat_minor": 2
}